// Jest Snapshot v1, https://goo.gl/fbAQLP

exports[`<TextArea /> should match snapshot 1`] = `
.c4 {
  display: -webkit-box;
  display: -webkit-flex;
  display: -ms-flexbox;
  display: flex;
  margin-top: 4px;
}

.c0 {
  display: inline-block;
  cursor: text;
  width: auto;
}

.c1 {
  height: 52px;
  position: relative;
  border-radius: 8px;
  border-width: 1px;
  border-style: solid;
  border-color: #D3D3E2;
  padding-left: 12px;
  width: 320px;
  height: 88px;
  box-sizing: border-box;
  padding-top: 16px;
  padding-right: 16px;
  padding-bottom: 16px;
  padding-left: 16px;
}

.c1:hover,
.c1:focus-within {
  border-color: #41414A;
}

.c2 {
  -webkit-appearance: none;
  -moz-appearance: none;
  appearance: none;
  background-color: transparent;
  outline: none;
  width: 85%;
  border: none;
  box-sizing: border-box;
  color: #41414A;
  font-family: Rubik,sans-serif;
  font-size: 14px;
  font-weight: 400;
  height: 100%;
  resize: none;
  height: 100%;
  padding-top: 0;
  padding-bottom: 0;
}

.c2:focus-within,
.c2:focus {
  color: #41414A;
}

.c2:focus-within ~ legend,
.c2:focus ~ legend {
  max-width: 1000px;
  padding: 0 2px;
}

.c2:focus-within ~ label,
.c2:focus ~ label {
  -webkit-transform: translateY(-130%);
  -ms-transform: translateY(-130%);
  transform: translateY(-130%);
  -webkit-transition-duration: 500ms;
  transition-duration: 500ms;
  -webkit-transition-timing-function: cubic-bezier(0,0.75,0.1,1);
  transition-timing-function: cubic-bezier(0,0.75,0.1,1);
  font-size: 12px;
  background-color: #FFFFFF;
  font-weight: 700;
  color: #41414A;
}

.c2:disabled {
  cursor: not-allowed;
  color: #D3D3E2;
}

.c2::-webkit-input-placeholder {
  color: #9898A6;
}

.c2::-moz-placeholder {
  color: #9898A6;
}

.c2:-ms-input-placeholder {
  color: #9898A6;
}

.c2::placeholder {
  color: #9898A6;
}

.c2[type="number"]::-webkit-outer-spin-button,
.c2[type="number"]::-webkit-inner-spin-button {
  display: none;
}

.c2:invalid {
  box-shadow: none;
}

.c3 {
  -webkit-letter-spacing: normal;
  -moz-letter-spacing: normal;
  -ms-letter-spacing: normal;
  letter-spacing: normal;
  pointer-events: none;
  position: absolute;
  -webkit-user-select: none;
  -moz-user-select: none;
  -ms-user-select: none;
  user-select: none;
  -webkit-transform: translateY(5px);
  -ms-transform: translateY(5px);
  -webkit-transform: translateY(5px);
  -ms-transform: translateY(5px);
  transform: translateY(5px);
  left: 16px;
  top: 12px;
  font-size: 14px;
  font-weight: 400;
  color: #9898A6;
  -webkit-transition-duration: 500ms;
  transition-duration: 500ms;
  -webkit-transition-timing-function: cubic-bezier(0,0.75,0.1,1);
  transition-timing-function: cubic-bezier(0,0.75,0.1,1);
  left: 20px;
}

<div>
  <div
    class="c0"
  >
    <div
      class="c1"
      label=""
    >
      <textarea
        class="c2"
        label=""
      />
      <label
        class="c3"
      />
      
    </div>
    <div
      class="c4"
    />
  </div>
</div>
`;
