// Jest Snapshot v1, https://goo.gl/fbAQLP

exports[`<Input.Email /> Snapshots should match with default input 1`] = `
.c2 {
  width: 100%;
  -webkit-appearance: none;
  -moz-appearance: none;
  appearance: none;
  background-color: transparent;
  outline: none;
  position: absolute;
  bottom: 0;
  left: 0;
  border: none;
  box-sizing: border-box;
  height: 52px;
  padding-top: 16px;
  padding-right: 40px;
  padding-bottom: 16px;
  padding-left: 16px;
  color: #41414A;
  font-family: Rubik,sans-serif;
  font-size: 14px;
  font-weight: 400;
}

.c2:focus {
  color: #41414A;
}

.c2:focus ~ legend {
  max-width: 1000px;
  padding: 0 2px;
}

.c2:focus ~ label {
  -webkit-transform: translateY(-24px);
  -ms-transform: translateY(-24px);
  transform: translateY(-24px);
  -webkit-transition-property: -webkit-transform,font-size;
  -webkit-transition-property: transform,font-size;
  transition-property: transform,font-size;
  -webkit-transition-duration: 500ms;
  transition-duration: 500ms;
  -webkit-transition-timing-function: cubic-bezier(0,0.75,0.1,1);
  transition-timing-function: cubic-bezier(0,0.75,0.1,1);
  font-size: 12px;
  font-weight: 700;
  color: #41414A;
}

.c2:disabled {
  cursor: not-allowed;
  color: #D3D3E2;
}

.c2::-webkit-input-placeholder {
  color: #9898A6;
}

.c2::-moz-placeholder {
  color: #9898A6;
}

.c2:-ms-input-placeholder {
  color: #9898A6;
}

.c2::placeholder {
  color: #9898A6;
}

.c2[type="number"]::-webkit-outer-spin-button,
.c2[type="number"]::-webkit-inner-spin-button {
  display: none;
}

.c2:invalid {
  box-shadow: none;
}

.c1 {
  position: relative;
  margin: 0;
  padding: 0;
  width: 320px;
  height: 52px;
  padding-left: 12px;
  border-radius: 8px;
  border-width: 1px;
  border-style: solid;
  border-color: #D3D3E2;
}

.c1:hover,
.c1:focus-within {
  border-color: #41414A;
}

.c4 {
  position: relative;
  padding: 0;
  max-width: 0px;
  width: auto;
  height: 0;
  font-weight: normal;
  visibility: hidden;
  font-size: 12px;
  -webkit-letter-spacing: normal;
  -moz-letter-spacing: normal;
  -ms-letter-spacing: normal;
  letter-spacing: normal;
}

.c5 {
  padding-left: 4px;
  padding-right: 4px;
}

.c3 {
  -webkit-letter-spacing: normal;
  -moz-letter-spacing: normal;
  -ms-letter-spacing: normal;
  letter-spacing: normal;
  pointer-events: none;
  position: absolute;
  -webkit-user-select: none;
  -moz-user-select: none;
  -ms-user-select: none;
  user-select: none;
  top: 16px;
  left: 16px;
  font-size: 14px;
  font-weight: 400;
  color: #9898A6;
  -webkit-transition-property: -webkit-transform,font-size;
  -webkit-transition-property: transform,font-size;
  transition-property: transform,font-size;
  -webkit-transition-duration: 500ms;
  transition-duration: 500ms;
  -webkit-transition-timing-function: cubic-bezier(0,0.75,0.1,1);
  transition-timing-function: cubic-bezier(0,0.75,0.1,1);
}

.c0 {
  box-sizing: border-box;
  width: 320px;
}

<div>
  <div
    class="c0"
  >
    <fieldset
      class="c1"
      label="Label"
    >
      <input
        class="c2"
        data-testid="input"
        type="email"
        value=""
      />
      <label
        class="c3"
      >
        Label
      </label>
      <legend
        class="c4"
      >
        <span
          class="c5"
        >
          Label
        </span>
      </legend>
      
    </fieldset>
  </div>
</div>
`;
