// Jest Snapshot v1, https://goo.gl/fbAQLP

exports[`<Divider /> should match snapshot 1`] = `
<View
  collapsable={true}
  pointerEvents="box-none"
  style={
    Object {
      "flex": 1,
    }
  }
>
  <View
    style={
      Array [
        Object {
          "flexDirection": "row",
        },
      ]
    }
  >
    <View
      style={
        Array [
          Object {
            "backgroundColor": "#D7D7E0",
            "height": 1,
            "width": "100%",
          },
        ]
      }
    />
  </View>
</View>
`;
