// Jest Snapshot v1, https://goo.gl/fbAQLP

exports[`<ActionRequirement /> should match snapshot 1`] = `
.c3 {
  margin: 0;
  padding: 0;
  font-size: 16px;
  line-height: 24px;
  font-weight: 400;
  font-family: Rubik;
  color: #231B22;
  margin-top: 16px;
  color: #6B6B78;
}

.c4 {
  margin: 0;
  padding: 0;
  font-size: 16px;
  line-height: 24px;
  font-weight: 400;
  font-family: Rubik;
  color: #231B22;
  margin-top: 24px;
  color: #6B6B78;
}

.c2 {
  margin: 0;
  padding: 0;
  font-size: 24px;
  line-height: 32px;
  font-weight: 500;
  font-family: Rubik;
  color: #231B22;
  margin-bottom: 6px;
}

.c5 {
  margin-top: 32px;
  display: -webkit-box;
  display: -webkit-flex;
  display: -ms-flexbox;
  display: flex;
  -webkit-flex-direction: column;
  -ms-flex-direction: column;
  flex-direction: column;
}

.c0 {
  display: -webkit-box;
  display: -webkit-flex;
  display: -ms-flexbox;
  display: flex;
  height: 100%;
}

.c1 {
  display: -webkit-box;
  display: -webkit-flex;
  display: -ms-flexbox;
  display: flex;
  -webkit-flex-direction: column;
  -ms-flex-direction: column;
  flex-direction: column;
  -webkit-box-pack: center;
  -webkit-justify-content: center;
  -ms-flex-pack: center;
  justify-content: center;
}

@media (min-width:769px) {
  .c2 {
    max-width: 700px;
    font-size: 48px;
    line-height: 48px;
  }
}

@media (min-width:769px) {
  .c5 {
    -webkit-flex-direction: row;
    -ms-flex-direction: row;
    flex-direction: row;
    margin-top: 32px;
  }
}

@media (min-width:0px) {
  .c0 {
    -webkit-flex-direction: column;
    -ms-flex-direction: column;
    flex-direction: column;
  }
}

@media (min-width:1024px) {
  .c0 {
    -webkit-flex-direction: row-reverse;
    -ms-flex-direction: row-reverse;
    flex-direction: row-reverse;
  }
}

@media (min-width:0px) {
  .c1 {
    width: auto;
    margin-right: 0;
  }
}

@media (min-width:1024px) {
  .c1 {
    width: 520px;
    margin-right: 120px;
  }
}

<div>
  <div
    class="c0"
  >
    <div
      class="c1"
    >
      <p
        class="c2"
      />
      <p
        class="c3"
        color="deep"
      />
      <p
        class="c4"
        color="deep"
      />
      <div
        class="c5"
      />
    </div>
  </div>
</div>
`;
