// Jest Snapshot v1, https://goo.gl/fbAQLP

exports[`<Rating /> Snapshots should match snapshot when mouse over 1`] = `
.c0 {
  display: -webkit-inline-box;
  display: -webkit-inline-flex;
  display: -ms-inline-flexbox;
  display: inline-flex;
  width: 67px;
  height: 12px;
}

.c0:hover {
  cursor: pointer;
}

.c0 svg {
  pointer-events: none;
}

.c0 svg:not(:last-child) {
  margin-right: 2px;
}

<div>
  <div
    class="c0"
    height="12"
    width="67"
  >
    <svg
      fill="#FFC24C"
      height="12"
      viewBox="1 1 10.2 10.2"
      width="12"
    />
    <svg
      fill="#FFC24C"
      height="12"
      viewBox="1 1 10.2 10.2"
      width="12"
    />
    <svg
      fill="#FFC24C"
      height="12"
      viewBox="1 1 10.2 10.2"
      width="12"
    />
    <svg
      fill="#C5C5D6"
      height="12"
      viewBox="1 1 10.2 10.2"
      width="12"
    />
    <svg
      fill="#C5C5D6"
      height="12"
      viewBox="1 1 10.2 10.2"
      width="12"
    />
  </div>
</div>
`;

exports[`<Rating /> Snapshots should match snapshot with Rating 1`] = `
.c0 {
  display: -webkit-inline-box;
  display: -webkit-inline-flex;
  display: -ms-inline-flexbox;
  display: inline-flex;
  width: 67px;
  height: 12px;
  pointer-events: none;
}

.c0:hover {
  cursor: pointer;
}

.c0 svg {
  pointer-events: none;
}

.c0 svg:not(:last-child) {
  margin-right: 2px;
}

<div>
  <div
    class="c0"
    height="12"
    readonly=""
    width="67"
  >
    <svg
      fill="#C5C5D6"
      height="12"
      viewBox="1 1 10.2 10.2"
      width="12"
    />
    <svg
      fill="#C5C5D6"
      height="12"
      viewBox="1 1 10.2 10.2"
      width="12"
    />
    <svg
      fill="#C5C5D6"
      height="12"
      viewBox="1 1 10.2 10.2"
      width="12"
    />
    <svg
      fill="#C5C5D6"
      height="12"
      viewBox="1 1 10.2 10.2"
      width="12"
    />
    <svg
      fill="#C5C5D6"
      height="12"
      viewBox="1 1 10.2 10.2"
      width="12"
    />
  </div>
</div>
`;

exports[`<Rating /> Snapshots should match snapshot with different icon 1`] = `
.c0 {
  display: -webkit-inline-box;
  display: -webkit-inline-flex;
  display: -ms-inline-flexbox;
  display: inline-flex;
  width: 67px;
  height: 12px;
  pointer-events: none;
}

.c0:hover {
  cursor: pointer;
}

.c0 svg {
  pointer-events: none;
}

.c0 svg:not(:last-child) {
  margin-right: 2px;
}

<div>
  <div
    class="c0"
    height="12"
    readonly=""
    width="67"
  >
    <svg
      fill="#C5C5D6"
      height="12"
      viewBox="1 1 10.2 10.2"
      width="12"
    >
      <circle
        cx="12"
        cy="12"
        r="12"
      />
    </svg>
    <svg
      fill="#C5C5D6"
      height="12"
      viewBox="1 1 10.2 10.2"
      width="12"
    >
      <circle
        cx="12"
        cy="12"
        r="12"
      />
    </svg>
    <svg
      fill="#C5C5D6"
      height="12"
      viewBox="1 1 10.2 10.2"
      width="12"
    >
      <circle
        cx="12"
        cy="12"
        r="12"
      />
    </svg>
    <svg
      fill="#C5C5D6"
      height="12"
      viewBox="1 1 10.2 10.2"
      width="12"
    >
      <circle
        cx="12"
        cy="12"
        r="12"
      />
    </svg>
    <svg
      fill="#C5C5D6"
      height="12"
      viewBox="1 1 10.2 10.2"
      width="12"
    >
      <circle
        cx="12"
        cy="12"
        r="12"
      />
    </svg>
  </div>
  <div
    class="c0"
    height="12"
    readonly=""
    width="67"
  >
    <svg
      fill="#FFC24C"
      height="12"
      viewBox="1 1 10.2 10.2"
      width="12"
    >
      <circle
        cx="12"
        cy="12"
        r="12"
      />
    </svg>
    <svg
      fill="#C5C5D6"
      height="12"
      viewBox="1 1 10.2 10.2"
      width="12"
    >
      <circle
        cx="12"
        cy="12"
        r="12"
      />
    </svg>
    <svg
      fill="#C5C5D6"
      height="12"
      viewBox="1 1 10.2 10.2"
      width="12"
    >
      <circle
        cx="12"
        cy="12"
        r="12"
      />
    </svg>
    <svg
      fill="#C5C5D6"
      height="12"
      viewBox="1 1 10.2 10.2"
      width="12"
    >
      <circle
        cx="12"
        cy="12"
        r="12"
      />
    </svg>
    <svg
      fill="#C5C5D6"
      height="12"
      viewBox="1 1 10.2 10.2"
      width="12"
    >
      <circle
        cx="12"
        cy="12"
        r="12"
      />
    </svg>
  </div>
  <div
    class="c0"
    height="12"
    readonly=""
    width="67"
  >
    <svg
      fill="#FFC24C"
      height="12"
      viewBox="1 1 10.2 10.2"
      width="12"
    >
      <circle
        cx="12"
        cy="12"
        r="12"
      />
    </svg>
    <svg
      fill="#FFC24C"
      height="12"
      viewBox="1 1 10.2 10.2"
      width="12"
    >
      <circle
        cx="12"
        cy="12"
        r="12"
      />
    </svg>
    <svg
      fill="#C5C5D6"
      height="12"
      viewBox="1 1 10.2 10.2"
      width="12"
    >
      <circle
        cx="12"
        cy="12"
        r="12"
      />
    </svg>
    <svg
      fill="#C5C5D6"
      height="12"
      viewBox="1 1 10.2 10.2"
      width="12"
    >
      <circle
        cx="12"
        cy="12"
        r="12"
      />
    </svg>
    <svg
      fill="#C5C5D6"
      height="12"
      viewBox="1 1 10.2 10.2"
      width="12"
    >
      <circle
        cx="12"
        cy="12"
        r="12"
      />
    </svg>
  </div>
</div>
`;

exports[`<Rating /> Snapshots should match snapshot with different icon quantity 1`] = `
.c0 {
  display: -webkit-inline-box;
  display: -webkit-inline-flex;
  display: -ms-inline-flexbox;
  display: inline-flex;
  width: 38.599999999999994px;
  height: 12px;
  pointer-events: none;
}

.c0:hover {
  cursor: pointer;
}

.c0 svg {
  pointer-events: none;
}

.c0 svg:not(:last-child) {
  margin-right: 2px;
}

<div>
  <div
    class="c0"
    height="12"
    readonly=""
    width="38.599999999999994"
  >
    <svg
      fill="#C5C5D6"
      height="12"
      viewBox="1 1 10.2 10.2"
      width="12"
    />
    <svg
      fill="#C5C5D6"
      height="12"
      viewBox="1 1 10.2 10.2"
      width="12"
    />
    <svg
      fill="#C5C5D6"
      height="12"
      viewBox="1 1 10.2 10.2"
      width="12"
    />
  </div>
  <div
    class="c0"
    height="12"
    readonly=""
    width="38.599999999999994"
  >
    <svg
      fill="#FFC24C"
      height="12"
      viewBox="1 1 5.1 10.2"
      width="6"
    />
    <svg
      fill="#C5C5D6"
      height="12"
      viewBox="6.1 1 5.1 10.2"
      width="6"
    />
    <svg
      fill="#C5C5D6"
      height="12"
      viewBox="1 1 10.2 10.2"
      width="12"
    />
    <svg
      fill="#C5C5D6"
      height="12"
      viewBox="1 1 10.2 10.2"
      width="12"
    />
  </div>
  <div
    class="c0"
    height="12"
    readonly=""
    width="38.599999999999994"
  >
    <svg
      fill="#FFC24C"
      height="12"
      viewBox="1 1 10.2 10.2"
      width="12"
    />
    <svg
      fill="#C5C5D6"
      height="12"
      viewBox="1 1 10.2 10.2"
      width="12"
    />
    <svg
      fill="#C5C5D6"
      height="12"
      viewBox="1 1 10.2 10.2"
      width="12"
    />
  </div>
  <div
    class="c0"
    height="12"
    readonly=""
    width="38.599999999999994"
  >
    <svg
      fill="#FFC24C"
      height="12"
      viewBox="1 1 10.2 10.2"
      width="12"
    />
    <svg
      fill="#FFC24C"
      height="12"
      viewBox="1 1 5.1 10.2"
      width="6"
    />
    <svg
      fill="#C5C5D6"
      height="12"
      viewBox="6.1 1 5.1 10.2"
      width="6"
    />
    <svg
      fill="#C5C5D6"
      height="12"
      viewBox="1 1 10.2 10.2"
      width="12"
    />
  </div>
  <div
    class="c0"
    height="12"
    readonly=""
    width="38.599999999999994"
  >
    <svg
      fill="#FFC24C"
      height="12"
      viewBox="1 1 10.2 10.2"
      width="12"
    />
    <svg
      fill="#FFC24C"
      height="12"
      viewBox="1 1 10.2 10.2"
      width="12"
    />
    <svg
      fill="#C5C5D6"
      height="12"
      viewBox="1 1 10.2 10.2"
      width="12"
    />
  </div>
  <div
    class="c0"
    height="12"
    readonly=""
    width="38.599999999999994"
  >
    <svg
      fill="#FFC24C"
      height="12"
      viewBox="1 1 10.2 10.2"
      width="12"
    />
    <svg
      fill="#FFC24C"
      height="12"
      viewBox="1 1 10.2 10.2"
      width="12"
    />
    <svg
      fill="#FFC24C"
      height="12"
      viewBox="1 1 5.1 10.2"
      width="6"
    />
    <svg
      fill="#C5C5D6"
      height="12"
      viewBox="6.1 1 5.1 10.2"
      width="6"
    />
  </div>
  <div
    class="c0"
    height="12"
    readonly=""
    width="38.599999999999994"
  >
    <svg
      fill="#FFC24C"
      height="12"
      viewBox="1 1 10.2 10.2"
      width="12"
    />
    <svg
      fill="#FFC24C"
      height="12"
      viewBox="1 1 10.2 10.2"
      width="12"
    />
    <svg
      fill="#FFC24C"
      height="12"
      viewBox="1 1 10.2 10.2"
      width="12"
    />
  </div>
</div>
`;

exports[`<Rating /> Snapshots should match snapshot with different values 1`] = `
.c0 {
  display: -webkit-inline-box;
  display: -webkit-inline-flex;
  display: -ms-inline-flexbox;
  display: inline-flex;
  width: 67px;
  height: 12px;
  pointer-events: none;
}

.c0:hover {
  cursor: pointer;
}

.c0 svg {
  pointer-events: none;
}

.c0 svg:not(:last-child) {
  margin-right: 2px;
}

<div>
  <div
    class="c0"
    height="12"
    readonly=""
    width="67"
  >
    <svg
      fill="#C5C5D6"
      height="12"
      viewBox="1 1 10.2 10.2"
      width="12"
    />
    <svg
      fill="#C5C5D6"
      height="12"
      viewBox="1 1 10.2 10.2"
      width="12"
    />
    <svg
      fill="#C5C5D6"
      height="12"
      viewBox="1 1 10.2 10.2"
      width="12"
    />
    <svg
      fill="#C5C5D6"
      height="12"
      viewBox="1 1 10.2 10.2"
      width="12"
    />
    <svg
      fill="#C5C5D6"
      height="12"
      viewBox="1 1 10.2 10.2"
      width="12"
    />
  </div>
  <div
    class="c0"
    height="12"
    readonly=""
    width="67"
  >
    <svg
      fill="#FFC24C"
      height="12"
      viewBox="1 1 5.1 10.2"
      width="6"
    />
    <svg
      fill="#C5C5D6"
      height="12"
      viewBox="6.1 1 5.1 10.2"
      width="6"
    />
    <svg
      fill="#C5C5D6"
      height="12"
      viewBox="1 1 10.2 10.2"
      width="12"
    />
    <svg
      fill="#C5C5D6"
      height="12"
      viewBox="1 1 10.2 10.2"
      width="12"
    />
    <svg
      fill="#C5C5D6"
      height="12"
      viewBox="1 1 10.2 10.2"
      width="12"
    />
    <svg
      fill="#C5C5D6"
      height="12"
      viewBox="1 1 10.2 10.2"
      width="12"
    />
  </div>
  <div
    class="c0"
    height="12"
    readonly=""
    width="67"
  >
    <svg
      fill="#FFC24C"
      height="12"
      viewBox="1 1 10.2 10.2"
      width="12"
    />
    <svg
      fill="#C5C5D6"
      height="12"
      viewBox="1 1 10.2 10.2"
      width="12"
    />
    <svg
      fill="#C5C5D6"
      height="12"
      viewBox="1 1 10.2 10.2"
      width="12"
    />
    <svg
      fill="#C5C5D6"
      height="12"
      viewBox="1 1 10.2 10.2"
      width="12"
    />
    <svg
      fill="#C5C5D6"
      height="12"
      viewBox="1 1 10.2 10.2"
      width="12"
    />
  </div>
  <div
    class="c0"
    height="12"
    readonly=""
    width="67"
  >
    <svg
      fill="#FFC24C"
      height="12"
      viewBox="1 1 10.2 10.2"
      width="12"
    />
    <svg
      fill="#FFC24C"
      height="12"
      viewBox="1 1 1.020000000000001 10.2"
      width="1.200000000000001"
    />
    <svg
      fill="#C5C5D6"
      height="12"
      viewBox="2.020000000000001 1 9.179999999999998 10.2"
      width="10.799999999999999"
    />
    <svg
      fill="#C5C5D6"
      height="12"
      viewBox="1 1 10.2 10.2"
      width="12"
    />
    <svg
      fill="#C5C5D6"
      height="12"
      viewBox="1 1 10.2 10.2"
      width="12"
    />
    <svg
      fill="#C5C5D6"
      height="12"
      viewBox="1 1 10.2 10.2"
      width="12"
    />
  </div>
  <div
    class="c0"
    height="12"
    readonly=""
    width="67"
  >
    <svg
      fill="#FFC24C"
      height="12"
      viewBox="1 1 10.2 10.2"
      width="12"
    />
    <svg
      fill="#FFC24C"
      height="12"
      viewBox="1 1 2.0399999999999996 10.2"
      width="2.3999999999999995"
    />
    <svg
      fill="#C5C5D6"
      height="12"
      viewBox="3.0399999999999996 1 8.16 10.2"
      width="9.600000000000001"
    />
    <svg
      fill="#C5C5D6"
      height="12"
      viewBox="1 1 10.2 10.2"
      width="12"
    />
    <svg
      fill="#C5C5D6"
      height="12"
      viewBox="1 1 10.2 10.2"
      width="12"
    />
    <svg
      fill="#C5C5D6"
      height="12"
      viewBox="1 1 10.2 10.2"
      width="12"
    />
  </div>
  <div
    class="c0"
    height="12"
    readonly=""
    width="67"
  >
    <svg
      fill="#FFC24C"
      height="12"
      viewBox="1 1 10.2 10.2"
      width="12"
    />
    <svg
      fill="#FFC24C"
      height="12"
      viewBox="1 1 3.06 10.2"
      width="3.6000000000000005"
    />
    <svg
      fill="#C5C5D6"
      height="12"
      viewBox="4.0600000000000005 1 7.139999999999999 10.2"
      width="8.399999999999999"
    />
    <svg
      fill="#C5C5D6"
      height="12"
      viewBox="1 1 10.2 10.2"
      width="12"
    />
    <svg
      fill="#C5C5D6"
      height="12"
      viewBox="1 1 10.2 10.2"
      width="12"
    />
    <svg
      fill="#C5C5D6"
      height="12"
      viewBox="1 1 10.2 10.2"
      width="12"
    />
  </div>
  <div
    class="c0"
    height="12"
    readonly=""
    width="67"
  >
    <svg
      fill="#FFC24C"
      height="12"
      viewBox="1 1 10.2 10.2"
      width="12"
    />
    <svg
      fill="#FFC24C"
      height="12"
      viewBox="1 1 4.079999999999999 10.2"
      width="4.799999999999999"
    />
    <svg
      fill="#C5C5D6"
      height="12"
      viewBox="5.079999999999999 1 6.12 10.2"
      width="7.200000000000001"
    />
    <svg
      fill="#C5C5D6"
      height="12"
      viewBox="1 1 10.2 10.2"
      width="12"
    />
    <svg
      fill="#C5C5D6"
      height="12"
      viewBox="1 1 10.2 10.2"
      width="12"
    />
    <svg
      fill="#C5C5D6"
      height="12"
      viewBox="1 1 10.2 10.2"
      width="12"
    />
  </div>
  <div
    class="c0"
    height="12"
    readonly=""
    width="67"
  >
    <svg
      fill="#FFC24C"
      height="12"
      viewBox="1 1 10.2 10.2"
      width="12"
    />
    <svg
      fill="#FFC24C"
      height="12"
      viewBox="1 1 5.1 10.2"
      width="6"
    />
    <svg
      fill="#C5C5D6"
      height="12"
      viewBox="6.1 1 5.1 10.2"
      width="6"
    />
    <svg
      fill="#C5C5D6"
      height="12"
      viewBox="1 1 10.2 10.2"
      width="12"
    />
    <svg
      fill="#C5C5D6"
      height="12"
      viewBox="1 1 10.2 10.2"
      width="12"
    />
    <svg
      fill="#C5C5D6"
      height="12"
      viewBox="1 1 10.2 10.2"
      width="12"
    />
  </div>
  <div
    class="c0"
    height="12"
    readonly=""
    width="67"
  >
    <svg
      fill="#FFC24C"
      height="12"
      viewBox="1 1 10.2 10.2"
      width="12"
    />
    <svg
      fill="#FFC24C"
      height="12"
      viewBox="1 1 6.12 10.2"
      width="7.200000000000001"
    />
    <svg
      fill="#C5C5D6"
      height="12"
      viewBox="7.12 1 4.079999999999999 10.2"
      width="4.799999999999999"
    />
    <svg
      fill="#C5C5D6"
      height="12"
      viewBox="1 1 10.2 10.2"
      width="12"
    />
    <svg
      fill="#C5C5D6"
      height="12"
      viewBox="1 1 10.2 10.2"
      width="12"
    />
    <svg
      fill="#C5C5D6"
      height="12"
      viewBox="1 1 10.2 10.2"
      width="12"
    />
  </div>
  <div
    class="c0"
    height="12"
    readonly=""
    width="67"
  >
    <svg
      fill="#FFC24C"
      height="12"
      viewBox="1 1 10.2 10.2"
      width="12"
    />
    <svg
      fill="#FFC24C"
      height="12"
      viewBox="1 1 7.139999999999999 10.2"
      width="8.399999999999999"
    />
    <svg
      fill="#C5C5D6"
      height="12"
      viewBox="8.139999999999999 1 3.06 10.2"
      width="3.6000000000000005"
    />
    <svg
      fill="#C5C5D6"
      height="12"
      viewBox="1 1 10.2 10.2"
      width="12"
    />
    <svg
      fill="#C5C5D6"
      height="12"
      viewBox="1 1 10.2 10.2"
      width="12"
    />
    <svg
      fill="#C5C5D6"
      height="12"
      viewBox="1 1 10.2 10.2"
      width="12"
    />
  </div>
  <div
    class="c0"
    height="12"
    readonly=""
    width="67"
  >
    <svg
      fill="#FFC24C"
      height="12"
      viewBox="1 1 10.2 10.2"
      width="12"
    />
    <svg
      fill="#FFC24C"
      height="12"
      viewBox="1 1 8.16 10.2"
      width="9.600000000000001"
    />
    <svg
      fill="#C5C5D6"
      height="12"
      viewBox="9.16 1 2.0399999999999996 10.2"
      width="2.3999999999999995"
    />
    <svg
      fill="#C5C5D6"
      height="12"
      viewBox="1 1 10.2 10.2"
      width="12"
    />
    <svg
      fill="#C5C5D6"
      height="12"
      viewBox="1 1 10.2 10.2"
      width="12"
    />
    <svg
      fill="#C5C5D6"
      height="12"
      viewBox="1 1 10.2 10.2"
      width="12"
    />
  </div>
  <div
    class="c0"
    height="12"
    readonly=""
    width="67"
  >
    <svg
      fill="#FFC24C"
      height="12"
      viewBox="1 1 10.2 10.2"
      width="12"
    />
    <svg
      fill="#FFC24C"
      height="12"
      viewBox="1 1 9.179999999999998 10.2"
      width="10.799999999999999"
    />
    <svg
      fill="#C5C5D6"
      height="12"
      viewBox="10.179999999999998 1 1.020000000000001 10.2"
      width="1.200000000000001"
    />
    <svg
      fill="#C5C5D6"
      height="12"
      viewBox="1 1 10.2 10.2"
      width="12"
    />
    <svg
      fill="#C5C5D6"
      height="12"
      viewBox="1 1 10.2 10.2"
      width="12"
    />
    <svg
      fill="#C5C5D6"
      height="12"
      viewBox="1 1 10.2 10.2"
      width="12"
    />
  </div>
  <div
    class="c0"
    height="12"
    readonly=""
    width="67"
  >
    <svg
      fill="#FFC24C"
      height="12"
      viewBox="1 1 10.2 10.2"
      width="12"
    />
    <svg
      fill="#FFC24C"
      height="12"
      viewBox="1 1 10.2 10.2"
      width="12"
    />
    <svg
      fill="#C5C5D6"
      height="12"
      viewBox="1 1 10.2 10.2"
      width="12"
    />
    <svg
      fill="#C5C5D6"
      height="12"
      viewBox="1 1 10.2 10.2"
      width="12"
    />
    <svg
      fill="#C5C5D6"
      height="12"
      viewBox="1 1 10.2 10.2"
      width="12"
    />
  </div>
  <div
    class="c0"
    height="12"
    readonly=""
    width="67"
  >
    <svg
      fill="#FFC24C"
      height="12"
      viewBox="1 1 10.2 10.2"
      width="12"
    />
    <svg
      fill="#FFC24C"
      height="12"
      viewBox="1 1 10.2 10.2"
      width="12"
    />
    <svg
      fill="#FFC24C"
      height="12"
      viewBox="1 1 5.1 10.2"
      width="6"
    />
    <svg
      fill="#C5C5D6"
      height="12"
      viewBox="6.1 1 5.1 10.2"
      width="6"
    />
    <svg
      fill="#C5C5D6"
      height="12"
      viewBox="1 1 10.2 10.2"
      width="12"
    />
    <svg
      fill="#C5C5D6"
      height="12"
      viewBox="1 1 10.2 10.2"
      width="12"
    />
  </div>
  <div
    class="c0"
    height="12"
    readonly=""
    width="67"
  >
    <svg
      fill="#FFC24C"
      height="12"
      viewBox="1 1 10.2 10.2"
      width="12"
    />
    <svg
      fill="#FFC24C"
      height="12"
      viewBox="1 1 10.2 10.2"
      width="12"
    />
    <svg
      fill="#FFC24C"
      height="12"
      viewBox="1 1 10.2 10.2"
      width="12"
    />
    <svg
      fill="#C5C5D6"
      height="12"
      viewBox="1 1 10.2 10.2"
      width="12"
    />
    <svg
      fill="#C5C5D6"
      height="12"
      viewBox="1 1 10.2 10.2"
      width="12"
    />
  </div>
  <div
    class="c0"
    height="12"
    readonly=""
    width="67"
  >
    <svg
      fill="#FFC24C"
      height="12"
      viewBox="1 1 10.2 10.2"
      width="12"
    />
    <svg
      fill="#FFC24C"
      height="12"
      viewBox="1 1 10.2 10.2"
      width="12"
    />
    <svg
      fill="#FFC24C"
      height="12"
      viewBox="1 1 10.2 10.2"
      width="12"
    />
    <svg
      fill="#FFC24C"
      height="12"
      viewBox="1 1 5.1 10.2"
      width="6"
    />
    <svg
      fill="#C5C5D6"
      height="12"
      viewBox="6.1 1 5.1 10.2"
      width="6"
    />
    <svg
      fill="#C5C5D6"
      height="12"
      viewBox="1 1 10.2 10.2"
      width="12"
    />
  </div>
  <div
    class="c0"
    height="12"
    readonly=""
    width="67"
  >
    <svg
      fill="#FFC24C"
      height="12"
      viewBox="1 1 10.2 10.2"
      width="12"
    />
    <svg
      fill="#FFC24C"
      height="12"
      viewBox="1 1 10.2 10.2"
      width="12"
    />
    <svg
      fill="#FFC24C"
      height="12"
      viewBox="1 1 10.2 10.2"
      width="12"
    />
    <svg
      fill="#FFC24C"
      height="12"
      viewBox="1 1 10.2 10.2"
      width="12"
    />
    <svg
      fill="#C5C5D6"
      height="12"
      viewBox="1 1 10.2 10.2"
      width="12"
    />
  </div>
  <div
    class="c0"
    height="12"
    readonly=""
    width="67"
  >
    <svg
      fill="#FFC24C"
      height="12"
      viewBox="1 1 10.2 10.2"
      width="12"
    />
    <svg
      fill="#FFC24C"
      height="12"
      viewBox="1 1 10.2 10.2"
      width="12"
    />
    <svg
      fill="#FFC24C"
      height="12"
      viewBox="1 1 10.2 10.2"
      width="12"
    />
    <svg
      fill="#FFC24C"
      height="12"
      viewBox="1 1 10.2 10.2"
      width="12"
    />
    <svg
      fill="#FFC24C"
      height="12"
      viewBox="1 1 5.1 10.2"
      width="6"
    />
    <svg
      fill="#C5C5D6"
      height="12"
      viewBox="6.1 1 5.1 10.2"
      width="6"
    />
  </div>
</div>
`;
