// Jest Snapshot v1, https://goo.gl/fbAQLP

exports[`<BottomSheet /> should match snapshot 1`] = `
.c11 {
  box-sizing: border-box;
  text-align: center;
  outline: none;
  -webkit-transition: all 0.2s;
  transition: all 0.2s;
  cursor: pointer;
  display: -webkit-box;
  display: -webkit-flex;
  display: -ms-flexbox;
  display: flex;
  -webkit-align-items: center;
  -webkit-box-align: center;
  -ms-flex-align: center;
  align-items: center;
  -webkit-box-pack: center;
  -webkit-justify-content: center;
  -ms-flex-pack: center;
  justify-content: center;
  width: auto;
  height: 48px;
  padding-left: 24px;
  padding-right: 24px;
  background-color: #231B22;
  border: none;
  border-radius: 9999px;
  color: #FFFFFF;
  font-size: 16px;
  font-weight: 500;
  font-family: Rubik;
  -webkit-letter-spacing: normal;
  -moz-letter-spacing: normal;
  -ms-letter-spacing: normal;
  letter-spacing: normal;
  line-height: 1;
  -webkit-text-decoration: none;
  text-decoration: none;
}

.c11 svg {
  width: 24px;
  height: 24px;
  fill: #FFFFFF;
  margin-right: 8px;
  -webkit-transition: fill 0.2s;
  transition: fill 0.2s;
}

.c11:not([disabled]):hover,
.c11:not([disabled]):focus {
  box-shadow: 0 4px 8px rgba(35,27,34,0.45);
}

.c11:active {
  background-color: rgba(35,27,34,0.75);
  color: #FFFFFF;
}

.c11:active svg {
  fill: #FFFFFF;
}

.c11:disabled {
  background-color: #F5F5FA;
  color: #D7D7E0;
  cursor: not-allowed;
}

.c11:disabled svg {
  fill: #D7D7E0;
}

.c5 {
  margin-bottom: 24px;
  color: #231B22;
  font-size: 24px;
  font-weight: 500;
  text-align: center;
}

.c7 {
  margin-bottom: 32px;
  color: #6B6B78;
  font-size: 16px;
  font-weight: 400;
  text-align: center;
}

.c9 {
  margin-left: auto;
  display: -webkit-box;
  display: -webkit-flex;
  display: -ms-flexbox;
  display: flex;
  gap: 24px;
}

.c2 {
  padding: 16px  16px  16px  16px;
  border-radius: 8px;
  background-color: #FFFFFF;
  box-shadow: 0 2px 4px -1px rgba(152,152,166,0.2),0 4px 5px 0px rgba(152,152,166,0.14),0 1px 10px 0px rgba(152,152,166,0.12);
}

.c4 {
  display: -webkit-box;
  display: -webkit-flex;
  display: -ms-flexbox;
  display: flex;
  -webkit-align-items: center;
  -webkit-box-align: center;
  -ms-flex-align: center;
  align-items: center;
  -webkit-flex-direction: column;
  -ms-flex-direction: column;
  flex-direction: column;
  padding: 40px  32px  32px;
  width: 580px;
  min-height: 160px;
  border-radius: 16px;
}

.c0 {
  display: -webkit-box;
  display: -webkit-flex;
  display: -ms-flexbox;
  display: flex;
  -webkit-box-pack: center;
  -webkit-justify-content: center;
  -ms-flex-pack: center;
  justify-content: center;
  -webkit-align-items: center;
  -webkit-box-align: center;
  -ms-flex-align: center;
  align-items: center;
  position: fixed;
  top: 0;
  right: 0;
  left: 0;
  bottom: 0;
  background-color: rgba(35,27,34,0.48);
}

.c1 {
  -webkit-align-items: end;
  -webkit-box-align: end;
  -ms-flex-align: end;
  align-items: end;
  z-index: 99;
}

.c1 .c3 {
  padding: 24px 20px 24px 20px;
  width: 100%;
  border-radius: 16px 16px 0px 0px;
}

.c6 {
  color: #001027;
  line-height: 24px;
  text-align: left;
  -webkit-align-self: flex-start;
  -ms-flex-item-align: start;
  align-self: flex-start;
  font-size: 16px;
  margin-bottom: 16px;
}

.c8 {
  font-weight: 400;
  color: #6B6B78;
  line-height: 20px;
  margin-bottom: 20px;
  font-size: 14px;
  text-align: left;
}

.c10 {
  -webkit-flex-direction: column;
  -ms-flex-direction: column;
  flex-direction: column;
  margin-left: 0;
  width: 100%;
  gap: 16px;
}

<div
  className="c0 c1"
  onClick={[Function]}
>
  <section
    className="c2 c3 c4"
  >
    <header
      className="c5 c6"
      color="text.primary"
    >
      Title
    </header>
    <div
      className="c7 c8"
      color="text.secondary"
    >
      Subtitle
    </div>
    <footer
      className="c9 c10"
      d="flex"
    >
      <button
        className="c11"
        disabled={false}
        onClick={[Function]}
      >
        Ok, got it
      </button>
    </footer>
  </section>
</div>
`;
