// Jest Snapshot v1, https://goo.gl/fbAQLP

exports[`<Popover /> should match snapshot 1`] = `
.c0 {
  position: relative;
}

<div>
  <div
    class="c0"
  >
    <button
      style="all: unset;"
      type="button"
    >
      <svg
        height="26"
        width="26"
      />
    </button>
  </div>
</div>
`;
