// Jest Snapshot v1, https://goo.gl/fbAQLP

exports[`<Divider /> should match snapshot 1`] = `
.c0 {
  -webkit-flex: 1;
  -ms-flex: 1;
  flex: 1;
  height: 1px;
  background-color: #D7D7E0;
}

<div>
  <div
    class="c0"
  />
</div>
`;
